****************only for virtual machines and educational purposes.**********************************************
rustscan
.----. .-. .-. .----..---.  .----. .---.   .--.  .-. .-.
| {}  }| { } |{ {__ {_   _}{ {__  /  ___} / {} \ |  `| |
| .-. \| {_} |.-._} } | |  .-._} }\     }/  /\  \| |\  |
`-' `-'`-----'`----'  `-'  `----'  `---' `-'  `-'`-' `-'
The Modern Day Port Scanner.
________________________________________
: https://discord.gg/GFrQsGy           :
: https://github.com/RustScan/RustScan :
 --------------------------------------
\U0001f30dHACK THE PLANET\U0001f30d

[~] The config file is expected to be at "/home/rustscan/.rustscan.toml"
[!] No IPs could be resolved, aborting scan.
root@ip-10-10-238-104:~# -a 10.10.239.199
-a: command not found
root@ip-10-10-238-104:~# rustscan -a 
error: The argument '--addresses <addresses>...' requires a value but none was supplied

USAGE:
    rustscan --addresses <addresses>... --batch-size <batch-size> --scan-order <scan-order> --scripts <scripts> --timeout <timeout> --tries <tries>

For more information try --help
root@ip-10-10-238-104:~# rustscan
.----. .-. .-. .----..---.  .----. .---.   .--.  .-. .-.
| {}  }| { } |{ {__ {_   _}{ {__  /  ___} / {} \ |  `| |
| .-. \| {_} |.-._} } | |  .-._} }\     }/  /\  \| |\  |
`-' `-'`-----'`----'  `-'  `----'  `---' `-'  `-'`-' `-'
The Modern Day Port Scanner.
________________________________________
: https://discord.gg/GFrQsGy           :
: https://github.com/RustScan/RustScan :
 --------------------------------------
Real hackers hack time \u231b

[~] The config file is expected to be at "/home/rustscan/.rustscan.toml"
[!] No IPs could be resolved, aborting scan.
root@ip-10-10-238-104:~# rustscan 10.10.238.104
error: Found argument '10.10.238.104' which wasn't expected, or isn't valid in this context

USAGE:
    rustscan [FLAGS] [OPTIONS] [-- <command>...]

For more information try --help
root@ip-10-10-238-104:~# --help
--help: command not found
root@ip-10-10-238-104:~# help
GNU bash, version 4.4.20(1)-release (x86_64-pc-linux-gnu)
These shell commands are defined internally.  Type `help' to see this list.
Type `help name' to find out more about the function `name'.
Use `info bash' to find out more about the shell in general.
Use `man -k' or `info' to find out more about commands not in this list.

A star (*) next to a name means that the command is disabled.

 job_spec [&]                            history [-c] [-d offset] [n] or hist>
 (( expression ))                        if COMMANDS; then COMMANDS; [ elif C>
 . filename [arguments]                  jobs [-lnprs] [jobspec ...] or jobs >
 :                                       kill [-s sigspec | -n signum | -sigs>
 [ arg... ]                              let arg [arg ...]
 [[ expression ]]                        local [option] name[=value] ...
 alias [-p] [name[=value] ... ]          logout [n]
 bg [job_spec ...]                       mapfile [-d delim] [-n count] [-O or>
 bind [-lpsvPSVX] [-m keymap] [-f file>  popd [-n] [+N | -N]
 break [n]                               printf [-v var] format [arguments]
 builtin [shell-builtin [arg ...]]       pushd [-n] [+N | -N | dir]
 caller [expr]                           pwd [-LP]
 case WORD in [PATTERN [| PATTERN]...)>  read [-ers] [-a array] [-d delim] [->
 cd [-L|[-P [-e]] [-@]] [dir]            readarray [-n count] [-O origin] [-s>
 command [-pVv] command [arg ...]        readonly [-aAf] [name[=value] ...] o>
 compgen [-abcdefgjksuv] [-o option] [>  return [n]
 complete [-abcdefgjksuv] [-pr] [-DE] >  select NAME [in WORDS ... ;] do COMM>
 compopt [-o|+o option] [-DE] [name ..>  set [-abefhkmnptuvxBCHP] [-o option->
 continue [n]                            shift [n]
 coproc [NAME] command [redirections]    shopt [-pqsu] [-o] [optname ...]
 declare [-aAfFgilnrtux] [-p] [name[=v>  source filename [arguments]
 dirs [-clpv] [+N] [-N]                  suspend [-f]
 disown [-h] [-ar] [jobspec ... | pid >  test [expr]
 echo [-neE] [arg ...]                   time [-p] pipeline
 enable [-a] [-dnps] [-f filename] [na>  times
 eval [arg ...]                          trap [-lp] [[arg] signal_spec ...]
 exec [-cl] [-a name] [command [argume>  true
 exit [n]                                type [-afptP] name [name ...]
 export [-fn] [name[=value] ...] or ex>  typeset [-aAfFgilnrtux] [-p] name[=v>
 false                                   ulimit [-SHabcdefiklmnpqrstuvxPT] [l>
 fc [-e ename] [-lnr] [first] [last] o>  umask [-p] [-S] [mode]
 fg [job_spec]                           unalias [-a] name [name ...]
 for NAME [in WORDS ... ] ; do COMMAND>  unset [-f] [-v] [-n] [name ...]
 for (( exp1; exp2; exp3 )); do COMMAN>  until COMMANDS; do COMMANDS; done
 function name { COMMANDS ; } or name >  variables - Names and meanings of so>
 getopts optstring name [arg]            wait [-n] [id ...]
 hash [-lr] [-p pathname] [-dt] [name >  while COMMANDS; do COMMANDS; done
 help [-dms] [pattern ...]               { COMMANDS ; }
root@ip-10-10-238-104:~# rustscan -a 10.10.238.104
.----. .-. .-. .----..---.  .----. .---.   .--.  .-. .-.
| {}  }| { } |{ {__ {_   _}{ {__  /  ___} / {} \ |  `| |
| .-. \| {_} |.-._} } | |  .-._} }\     }/  /\  \| |\  |
`-' `-'`-----'`----'  `-'  `----'  `---' `-'  `-'`-' `-'
The Modern Day Port Scanner.
________________________________________
: https://discord.gg/GFrQsGy           :
: https://github.com/RustScan/RustScan :
 --------------------------------------
Please contribute more quotes to our GitHub https://github.com/rustscan/rustscan

[~] The config file is expected to be at "/home/rustscan/.rustscan.toml"
[~] File limit higher than batch size. Can increase speed by increasing batch size '-b 1048476'.
Open 10.10.238.104:22
Open 10.10.238.104:80
Open 10.10.238.104:81
Open 10.10.238.104:111
Open 10.10.238.104:389
Open 10.10.238.104:3389
Open 10.10.238.104:5901
Open 10.10.238.104:6001
Open 10.10.238.104:7777
Open 10.10.238.104:7778
[~] Starting Script(s)
[>] Script to be run Some("nmap -vvv -p {{port}} {{ip}}")

[~] Starting Nmap 7.80 ( https://nmap.org ) at 2024-02-18 20:20 UTC
Initiating Ping Scan at 20:20
Scanning 10.10.238.104 [2 ports]
Completed Ping Scan at 20:20, 0.00s elapsed (1 total hosts)
Initiating Parallel DNS resolution of 1 host. at 20:20
Completed Parallel DNS resolution of 1 host. at 20:20, 0.00s elapsed
DNS resolution of 1 IPs took 0.00s. Mode: Async [#: 1, OK: 1, NX: 0, DR: 0, SF: 0, TR: 1, CN: 0]
Initiating Connect Scan at 20:20
Scanning ip-10-10-238-104.eu-west-1.compute.internal (10.10.238.104) [10 ports]
Discovered open port 22/tcp on 10.10.238.104
Discovered open port 111/tcp on 10.10.238.104
Discovered open port 3389/tcp on 10.10.238.104
Discovered open port 80/tcp on 10.10.238.104
Discovered open port 7778/tcp on 10.10.238.104
Discovered open port 7777/tcp on 10.10.238.104
Discovered open port 6001/tcp on 10.10.238.104
Discovered open port 81/tcp on 10.10.238.104
Discovered open port 5901/tcp on 10.10.238.104
Discovered open port 389/tcp on 10.10.238.104
Completed Connect Scan at 20:20, 0.00s elapsed (10 total ports)
Nmap scan report for ip-10-10-238-104.eu-west-1.compute.internal (10.10.238.104)
Host is up, received syn-ack (0.00034s latency).
Scanned at 2024-02-18 20:20:40 UTC for 0s

PORT     STATE SERVICE       REASON
22/tcp   open  ssh           syn-ack
80/tcp   open  http          syn-ack
81/tcp   open  hosts2-ns     syn-ack
111/tcp  open  rpcbind       syn-ack
389/tcp  open  ldap          syn-ack
3389/tcp open  ms-wbt-server syn-ack
5901/tcp open  vnc-1         syn-ack
6001/tcp open  X11:1         syn-ack
7777/tcp open  cbt           syn-ack
7778/tcp open  interwise     syn-ack

Read data files from: /usr/bin/../share/nmap
Nmap done: 1 IP address (1 host up) scanned in 0.08 seconds

root@ip-10-10-238-104:~# gobuster dir -u http://10.10.238.104
Error: required flag(s) "wordlist" not set
root@ip-10-10-238-104:~# 
root@ip-10-10-238-104:~# gobuster dir -u http://10.10.238.104/ -w /usr/share/wordlists/dirbuster/directory-list-2.3-medium.txt
===============================================================
Gobuster v3.0.1
by OJ Reeves (@TheColonial) & Christian Mehlmauer (@_FireFart_)
===============================================================
[+] Url:            http://10.10.238.104/
[+] Threads:        10
[+] Wordlist:       /usr/share/wordlists/dirbuster/directory-list-2.3-medium.txt
[+] Status codes:   200,204,301,302,307,401,403
[+] User Agent:     gobuster/3.0.1
[+] Timeout:        10s
===============================================================
2024/02/18 20:36:42 Starting gobuster
===============================================================
Progress: 166676 / 220561 (75.57%)
